org\example\service\SchedulePatternService.class
org\example\service\DatabaseInitializer.class
org\example\service\EmployeeFullInfo.class
org\example\dao\ShiftDAO.class
org\example\service\ScheduleContinuationService.class
org\example\controller\MainController$1.class
org\example\service\PatternService.class
org\example\util\ExcelExporter.class
org\example\controller\MainController$EmployeeFullInfo.class
org\example\controller\MainController$3.class
org\example\model\ShiftStatus.class
org\example\MainApp.class
org\example\model\ShiftHelper.class
org\example\service\AdvancedScheduleContinuationService.class
org\example\service\ScheduleService.class
org\example\util\Validator.class
org\example\util\TestDataGenerator.class
org\example\data\InitialData.class
org\example\controller\MainController$2.class
org\example\controller\MainController$EmployeeScheduleRow.class
org\example\service\EmployeeService.class
org\example\controller\MainController.class
org\example\util\DateUtil.class
org\example\data\January2026DataInitializer.class
org\example\dao\EmployeeDAO.class
org\example\model\Employee.class
org\example\model\Shift.class
