C:\Users\Еля\Desktop\Практика\Duty\src\main\java\org\example\controller\MainController.java
C:\Users\Еля\Desktop\Практика\Duty\src\main\java\org\example\dao\EmployeeDAO.java
C:\Users\Еля\Desktop\Практика\Duty\src\main\java\org\example\dao\ShiftDAO.java
C:\Users\Еля\Desktop\Практика\Duty\src\main\java\org\example\data\InitialData.java
C:\Users\Еля\Desktop\Практика\Duty\src\main\java\org\example\data\January2026DataInitializer.java
C:\Users\Еля\Desktop\Практика\Duty\src\main\java\org\example\MainApp.java
C:\Users\Еля\Desktop\Практика\Duty\src\main\java\org\example\model\Employee.java
C:\Users\Еля\Desktop\Практика\Duty\src\main\java\org\example\model\Shift.java
C:\Users\Еля\Desktop\Практика\Duty\src\main\java\org\example\model\ShiftHelper.java
C:\Users\Еля\Desktop\Практика\Duty\src\main\java\org\example\model\ShiftStatus.java
C:\Users\Еля\Desktop\Практика\Duty\src\main\java\org\example\service\AdvancedScheduleContinuationService.java
C:\Users\Еля\Desktop\Практика\Duty\src\main\java\org\example\service\DatabaseInitializer.java
C:\Users\Еля\Desktop\Практика\Duty\src\main\java\org\example\service\EmployeeFullInfo.java
C:\Users\Еля\Desktop\Практика\Duty\src\main\java\org\example\service\EmployeeService.java
C:\Users\Еля\Desktop\Практика\Duty\src\main\java\org\example\service\PatternService.java
C:\Users\Еля\Desktop\Практика\Duty\src\main\java\org\example\service\ScheduleContinuationService.java
C:\Users\Еля\Desktop\Практика\Duty\src\main\java\org\example\service\SchedulePatternService.java
C:\Users\Еля\Desktop\Практика\Duty\src\main\java\org\example\service\ScheduleService.java
C:\Users\Еля\Desktop\Практика\Duty\src\main\java\org\example\util\DateUtil.java
C:\Users\Еля\Desktop\Практика\Duty\src\main\java\org\example\util\ExcelExporter.java
C:\Users\Еля\Desktop\Практика\Duty\src\main\java\org\example\util\TestDataGenerator.java
C:\Users\Еля\Desktop\Практика\Duty\src\main\java\org\example\util\Validator.java
